[33mΓ¥»[39m Building...
[32mΓ£ö[39m Building...
[35mPrerendered 0 static routes.[39m
Application bundle generation failed. [14.977 seconds] - 2026-02-17T10:41:23.700Z

node.exe : [1m[31m[31mX [41;31m[[41;97mERROR[41;31m][0m [1mTS2339: Property 'items' 
does not exist on type 'never'.[0m [1m[35m[plugin angular-compiler][0m
At C:\npm-global\ng.ps1:24 char:5
+     & "node$exe"  "$basedir/node_modules/@angular/cli/bin/ng.js" $arg ...
+     ~~~~~~~~~~~~~~~~~~~~~~~~~~~~~~~~~~~~~~~~~~~~~~~~~~~~~~~~~~~~~~~~~
    + CategoryInfo          : NotSpecified: ([1m[31m[31mX...r-compiler][0m:String) [],  
   RemoteException
    + FullyQualifiedErrorId : NativeCommandError
 

    src/app/features/cart/cart.component.html:5:29:
[37m      5 Γöé     <div *ngIf="cart && cart.[32mitems[37m.length > 0" 
class="cart-content">
        Γò╡                              [32m~~~~~[0m

  Error occurs in the template of component CartComponent.

    src/app/features/cart/cart.component.ts:22:15:
[37m      22 Γöé   templateUrl: [32m'./cart.component.html'[37m,
         Γò╡                [32m~~~~~~~~~~~~~~~~~~~~~~~[0m


[31mX [41;31m[[41;97mERROR[41;31m][0m [1mTS2339: Property 'items' does not exist on 
type 'never'.[0m [1m[35m[plugin angular-compiler][0m

    src/app/features/cart/cart.component.html:7:43:
[37m      7 Γöé         <mat-card *ngFor="let item of cart.[32mitems[37m" 
class="cart-item">
        Γò╡                                            [32m~~~~~[0m

  Error occurs in the template of component CartComponent.

    src/app/features/cart/cart.component.ts:22:15:
[37m      22 Γöé   templateUrl: [32m'./cart.component.html'[37m,
         Γò╡                [32m~~~~~~~~~~~~~~~~~~~~~~~[0m


[31mX [41;31m[[41;97mERROR[41;31m][0m [1mTS2339: Property 'subtotal' does not exist 
on type 'never'.[0m [1m[35m[plugin angular-compiler][0m

    src/app/features/cart/cart.component.html:38:27:
[37m      38 Γöé             <span>${{ cart.[32msubtotal[37m.toFixed(2) }}</span>
         Γò╡                            [32m~~~~~~~~[0m

  Error occurs in the template of component CartComponent.

    src/app/features/cart/cart.component.ts:22:15:
[37m      22 Γöé   templateUrl: [32m'./cart.component.html'[37m,
         Γò╡                [32m~~~~~~~~~~~~~~~~~~~~~~~[0m


[31mX [41;31m[[41;97mERROR[41;31m][0m [1mTS2339: Property 'tax' does not exist on 
type 'never'.[0m [1m[35m[plugin angular-compiler][0m

    src/app/features/cart/cart.component.html:42:27:
[37m      42 Γöé             <span>${{ cart.[32mtax[37m.toFixed(2) }}</span>
         Γò╡                            [32m~~~[0m

  Error occurs in the template of component CartComponent.

    src/app/features/cart/cart.component.ts:22:15:
[37m      22 Γöé   templateUrl: [32m'./cart.component.html'[37m,
         Γò╡                [32m~~~~~~~~~~~~~~~~~~~~~~~[0m


[31mX [41;31m[[41;97mERROR[41;31m][0m [1mTS2339: Property 'shipping' does not exist 
on type 'never'.[0m [1m[35m[plugin angular-compiler][0m

    src/app/features/cart/cart.component.html:46:27:
[37m      46 Γöé             <span>${{ cart.[32mshipping[37m.toFixed(2) }}</span>
         Γò╡                            [32m~~~~~~~~[0m

  Error occurs in the template of component CartComponent.

    src/app/features/cart/cart.component.ts:22:15:
[37m      22 Γöé   templateUrl: [32m'./cart.component.html'[37m,
         Γò╡                [32m~~~~~~~~~~~~~~~~~~~~~~~[0m


[31mX [41;31m[[41;97mERROR[41;31m][0m [1mTS2339: Property 'total' does not exist on 
type 'never'.[0m [1m[35m[plugin angular-compiler][0m

    src/app/features/cart/cart.component.html:50:27:
[37m      50 Γöé             <span>${{ cart.[32mtotal[37m.toFixed(2) }}</span>
         Γò╡                            [32m~~~~~[0m

  Error occurs in the template of component CartComponent.

    src/app/features/cart/cart.component.ts:22:15:
[37m      22 Γöé   templateUrl: [32m'./cart.component.html'[37m,
         Γò╡                [32m~~~~~~~~~~~~~~~~~~~~~~~[0m


[31mX [41;31m[[41;97mERROR[41;31m][0m [1mTS2339: Property 'items' does not exist on 
type 'never'.[0m [1m[35m[plugin angular-compiler][0m

    src/app/features/cart/cart.component.html:63:30:
[37m      63 Γöé     <div *ngIf="!cart || cart.[32mitems[37m.length === 0" 
class="empty-cart">
         Γò╡                               [32m~~~~~[0m

  Error occurs in the template of component CartComponent.

    src/app/features/cart/cart.component.ts:22:15:
[37m      22 Γöé   templateUrl: [32m'./cart.component.html'[37m,
         Γò╡                [32m~~~~~~~~~~~~~~~~~~~~~~~[0m


[31mX [41;31m[[41;97mERROR[41;31m][0m [1mTS2322: Type 'Observable<Cart | null>' is 
not assignable to type 'null'.[0m [1m[35m[plugin angular-compiler][0m

    src/app/features/cart/cart.component.ts:32:4:
[37m      32 Γöé     [32mthis.cart$[37m = this.cartService.cart$;
         Γò╡     [32m~~~~~~~~~~[0m


[31mX [41;31m[[41;97mERROR[41;31m][0m [1mTS2322: Type 'Observable<number>' is not 
assignable to type 'null'.[0m [1m[35m[plugin angular-compiler][0m

    src/app/features/cart/cart.component.ts:33:4:
[37m      33 Γöé     [32mthis.cartTotal$[37m = this.cartService.getCartTotal();
         Γò╡     [32m~~~~~~~~~~~~~~~[0m


[31mX [41;31m[[41;97mERROR[41;31m][0m [1mTS2322: Type 'Observable<boolean>' is not 
assignable to type 'null'.[0m [1m[35m[plugin angular-compiler][0m

    src/app/shared/components/header/header.component.ts:53:4:
[37m      53 Γöé     [32mthis.isAuthenticated$[37m = this.auth.isAuthenticated$;
         Γò╡     [32m~~~~~~~~~~~~~~~~~~~~~[0m


[31mX [41;31m[[41;97mERROR[41;31m][0m [1mTS2322: Type 'Observable<number>' is not 
assignable to type 'null'.[0m [1m[35m[plugin angular-compiler][0m

    src/app/shared/components/header/header.component.ts:54:4:
[37m      54 Γöé     [32mthis.cartItemCount$[37m = this.cart.getCartItemCount();
         Γò╡     [32m~~~~~~~~~~~~~~~~~~~[0m


[31mX [41;31m[[41;97mERROR[41;31m][0m [1mTS2322: Type 'Observable<number>' is not 
assignable to type 'null'.[0m [1m[35m[plugin angular-compiler][0m

    src/app/shared/components/header/header.component.ts:55:4:
[37m      55 Γöé     [32mthis.wishlistItemCount$[37m = 
this.wishlist.getWishlistItemCount();
         Γò╡     [32m~~~~~~~~~~~~~~~~~~~~~~~[0m


[31mX [41;31m[[41;97mERROR[41;31m][0m [1mNG6008: Component HeaderComponent is 
standalone, and cannot be declared in an NgModule. Did you mean to import it instead?[0m 
[1m[35m[plugin angular-compiler][0m

    src/app/shared/shared.module.ts:42:4:
[37m      42 Γöé     [32mHeaderComponent[37m,
         Γò╡     [32m~~~~~~~~~~~~~~~[0m


[31mX [41;31m[[41;97mERROR[41;31m][0m [1mNG6008: Component FooterComponent is 
standalone, and cannot be declared in an NgModule. Did you mean to import it instead?[0m 
[1m[35m[plugin angular-compiler][0m

    src/app/shared/shared.module.ts:43:4:
[37m      43 Γöé     [32mFooterComponent[37m,
         Γò╡     [32m~~~~~~~~~~~~~~~[0m


[31mX [41;31m[[41;97mERROR[41;31m][0m [1mNG6008: Component NavbarComponent is 
standalone, and cannot be declared in an NgModule. Did you mean to import it instead?[0m 
[1m[35m[plugin angular-compiler][0m

    src/app/shared/shared.module.ts:44:4:
[37m      44 Γöé     [32mNavbarComponent[37m,
         Γò╡     [32m~~~~~~~~~~~~~~~[0m


[31mX [41;31m[[41;97mERROR[41;31m][0m [1mNG6008: Component LoadingSpinnerComponent is 
standalone, and cannot be declared in an NgModule. Did you mean to import it instead?[0m 
[1m[35m[plugin angular-compiler][0m

    src/app/shared/shared.module.ts:45:4:
[37m      45 Γöé     [32mLoadingSpinnerComponent[37m,
         Γò╡     [32m~~~~~~~~~~~~~~~~~~~~~~~[0m


[31mX [41;31m[[41;97mERROR[41;31m][0m [1mNG6008: Component ErrorMessageComponent is 
standalone, and cannot be declared in an NgModule. Did you mean to import it instead?[0m 
[1m[35m[plugin angular-compiler][0m

    src/app/shared/shared.module.ts:46:4:
[37m      46 Γöé     [32mErrorMessageComponent[37m
         Γò╡     [32m~~~~~~~~~~~~~~~~~~~~~[0m


[31mX [41;31m[[41;97mERROR[41;31m][0m [1mNG6004: Can't be exported from this 
NgModule, as it must be imported first[0m [1m[35m[plugin angular-compiler][0m

    src/app/shared/shared.module.ts:82:4:
[37m      82 Γöé     [32mHeaderComponent[37m,
         Γò╡     [32m~~~~~~~~~~~~~~~[0m


[31mX [41;31m[[41;97mERROR[41;31m][0m [1mNG6004: Can't be exported from this 
NgModule, as it must be imported first[0m [1m[35m[plugin angular-compiler][0m

    src/app/shared/shared.module.ts:83:4:
[37m      83 Γöé     [32mFooterComponent[37m,
         Γò╡     [32m~~~~~~~~~~~~~~~[0m


[31mX [41;31m[[41;97mERROR[41;31m][0m [1mNG6004: Can't be exported from this 
NgModule, as it must be imported first[0m [1m[35m[plugin angular-compiler][0m

    src/app/shared/shared.module.ts:84:4:
[37m      84 Γöé     [32mNavbarComponent[37m,
         Γò╡     [32m~~~~~~~~~~~~~~~[0m


[31mX [41;31m[[41;97mERROR[41;31m][0m [1mNG6004: Can't be exported from this 
NgModule, as it must be imported first[0m [1m[35m[plugin angular-compiler][0m

    src/app/shared/shared.module.ts:85:4:
[37m      85 Γöé     [32mLoadingSpinnerComponent[37m,
         Γò╡     [32m~~~~~~~~~~~~~~~~~~~~~~~[0m


[31mX [41;31m[[41;97mERROR[41;31m][0m [1mNG6004: Can't be exported from this 
NgModule, as it must be imported first[0m [1m[35m[plugin angular-compiler][0m

    src/app/shared/shared.module.ts:86:4:
[37m      86 Γöé     [32mErrorMessageComponent[37m,
         Γò╡     [32m~~~~~~~~~~~~~~~~~~~~~[0m

[39m[22m
